{
  "version": "1.5.0",
  "plugins_used": [
    {
      "name": "ArtifactoryDetector"
    },
    {
      "name": "AWSKeyDetector"
    },
    {
      "name": "AzureStorageKeyDetector"
    },
    {
      "name": "BasicAuthDetector"
    },
    {
      "name": "CloudantDetector"
    },
    {
      "name": "DiscordBotTokenDetector"
    },
    {
      "name": "GitHubTokenDetector"
    },
    {
      "name": "GitLabTokenDetector"
    },
    {
      "name": "IbmCloudIamDetector"
    },
    {
      "name": "IbmCosHmacDetector"
    },
    {
      "name": "IPPublicDetector"
    },
    {
      "name": "JwtTokenDetector"
    },
    {
      "name": "KeywordDetector",
      "keyword_exclude": ""
    },
    {
      "name": "MailchimpDetector"
    },
    {
      "name": "NpmDetector"
    },
    {
      "name": "OpenAIDetector"
    },
    {
      "name": "PrivateKeyDetector"
    },
    {
      "name": "PypiTokenDetector"
    },
    {
      "name": "SendGridDetector"
    },
    {
      "name": "SlackDetector"
    },
    {
      "name": "SoftlayerDetector"
    },
    {
      "name": "SquareOAuthDetector"
    },
    {
      "name": "StripeDetector"
    },
    {
      "name": "TelegramBotTokenDetector"
    },
    {
      "name": "TwilioKeyDetector"
    }
  ],
  "filters_used": [
    {
      "path": "detect_secrets.filters.allowlist.is_line_allowlisted"
    },
    {
      "path": "detect_secrets.filters.common.is_baseline_file",
      "filename": ".secrets.baseline"
    },
    {
      "path": "detect_secrets.filters.common.is_ignored_due_to_verification_policies",
      "min_level": 2
    },
    {
      "path": "detect_secrets.filters.heuristic.is_indirect_reference"
    },
    {
      "path": "detect_secrets.filters.heuristic.is_likely_id_string"
    },
    {
      "path": "detect_secrets.filters.heuristic.is_lock_file"
    },
    {
      "path": "detect_secrets.filters.heuristic.is_not_alphanumeric_string"
    },
    {
      "path": "detect_secrets.filters.heuristic.is_potential_uuid"
    },
    {
      "path": "detect_secrets.filters.heuristic.is_prefixed_with_dollar_sign"
    },
    {
      "path": "detect_secrets.filters.heuristic.is_sequential_string"
    },
    {
      "path": "detect_secrets.filters.heuristic.is_swagger_file"
    },
    {
      "path": "detect_secrets.filters.heuristic.is_templated_secret"
    }
  ],
  "results": {
    "tests/block/_generated_files/block_481824.json": [
      {
        "type": "AWS Access Key",
        "filename": "tests/block/_generated_files/block_481824.json",
        "hashed_secret": "4e4a7f513dd4a7cb5cd4d9d9eeaabe52e3369a21",
        "is_verified": false,
        "line_number": 8503
      },
      {
        "type": "AWS Access Key",
        "filename": "tests/block/_generated_files/block_481824.json",
        "hashed_secret": "74a43f4380aadb230cd82384ae7d5e7924e3b515",
        "is_verified": false,
        "line_number": 29573
      },
      {
        "type": "AWS Access Key",
        "filename": "tests/block/_generated_files/block_481824.json",
        "hashed_secret": "59f5c665795e92e3cf1c2631e8cc6c2b4f4bb776",
        "is_verified": false,
        "line_number": 30186
      },
      {
        "type": "AWS Access Key",
        "filename": "tests/block/_generated_files/block_481824.json",
        "hashed_secret": "76c5e55ea07ef9e9fd3282c75e708170d761e639",
        "is_verified": false,
        "line_number": 39817
      },
      {
        "type": "AWS Access Key",
        "filename": "tests/block/_generated_files/block_481824.json",
        "hashed_secret": "6dcb7fb62b32aace99397b1fbfbfaff5634fad05",
        "is_verified": false,
        "line_number": 45204
      },
      {
        "type": "AWS Access Key",
        "filename": "tests/block/_generated_files/block_481824.json",
        "hashed_secret": "10542284dc4f3e20a2e2ac4226260963be343f2d",
        "is_verified": false,
        "line_number": 64842
      },
      {
        "type": "AWS Access Key",
        "filename": "tests/block/_generated_files/block_481824.json",
        "hashed_secret": "a5828be6ee4b8585e13732451feec4ea5492b803",
        "is_verified": false,
        "line_number": 65780
      },
      {
        "type": "AWS Access Key",
        "filename": "tests/block/_generated_files/block_481824.json",
        "hashed_secret": "009e64ba2fc647a023487c856382f0e7ad685d7f",
        "is_verified": false,
        "line_number": 67198
      },
      {
        "type": "AWS Access Key",
        "filename": "tests/block/_generated_files/block_481824.json",
        "hashed_secret": "5c86f825561314b11fd3d125b6fc27ddf6bda158",
        "is_verified": false,
        "line_number": 77437
      },
      {
        "type": "AWS Access Key",
        "filename": "tests/block/_generated_files/block_481824.json",
        "hashed_secret": "aad04e81d7daae857aca14c948115c6abfb4ac93",
        "is_verified": false,
        "line_number": 86500
      },
      {
        "type": "AWS Access Key",
        "filename": "tests/block/_generated_files/block_481824.json",
        "hashed_secret": "5aa55b82754c79dc90a8164834cf1c6dd3366b7a",
        "is_verified": false,
        "line_number": 88077
      },
      {
        "type": "AWS Access Key",
        "filename": "tests/block/_generated_files/block_481824.json",
        "hashed_secret": "dd9767fce82dcf91631a7a8099fd8024794f05f5",
        "is_verified": false,
        "line_number": 95074
      },
      {
        "type": "AWS Access Key",
        "filename": "tests/block/_generated_files/block_481824.json",
        "hashed_secret": "15d2c805fdf5da1476c02744c6094773997c0c35",
        "is_verified": false,
        "line_number": 99769
      },
      {
        "type": "AWS Access Key",
        "filename": "tests/block/_generated_files/block_481824.json",
        "hashed_secret": "d6bb6aa89ec50719bb6653314e1f08946f4116ca",
        "is_verified": false,
        "line_number": 102140
      },
      {
        "type": "AWS Access Key",
        "filename": "tests/block/_generated_files/block_481824.json",
        "hashed_secret": "a0cfde5d2c2e2ab0e76f6ccf069211fc2056edc9",
        "is_verified": false,
        "line_number": 121908
      },
      {
        "type": "AWS Access Key",
        "filename": "tests/block/_generated_files/block_481824.json",
        "hashed_secret": "5335a4870f70008ed2e85135c9694dffa121664f",
        "is_verified": false,
        "line_number": 123552
      },
      {
        "type": "AWS Access Key",
        "filename": "tests/block/_generated_files/block_481824.json",
        "hashed_secret": "5eeef572625fca573157044e620eccd660bce0a9",
        "is_verified": false,
        "line_number": 133400
      },
      {
        "type": "AWS Access Key",
        "filename": "tests/block/_generated_files/block_481824.json",
        "hashed_secret": "74b630b132922e76b4ec971beb00215695730722",
        "is_verified": false,
        "line_number": 145324
      }
    ],
    "tests/script/_data/taproot_test_vector.json": [
      {
        "type": "Secret Keyword",
        "filename": "tests/script/_data/taproot_test_vector.json",
        "hashed_secret": "5159b1d117ae34334fe1ca94560b4f12e960e016",
        "is_verified": false,
        "line_number": 278
      },
      {
        "type": "Secret Keyword",
        "filename": "tests/script/_data/taproot_test_vector.json",
        "hashed_secret": "ea65faffaa8eb79aae314e022588e0e39cc2e420",
        "is_verified": false,
        "line_number": 285
      },
      {
        "type": "Secret Keyword",
        "filename": "tests/script/_data/taproot_test_vector.json",
        "hashed_secret": "b77452be33ce128064311ed72bdec33c22e4a92c",
        "is_verified": false,
        "line_number": 304
      },
      {
        "type": "Secret Keyword",
        "filename": "tests/script/_data/taproot_test_vector.json",
        "hashed_secret": "c3b3108451cfc6a726d664654dd18808b99ca720",
        "is_verified": false,
        "line_number": 311
      },
      {
        "type": "Secret Keyword",
        "filename": "tests/script/_data/taproot_test_vector.json",
        "hashed_secret": "d6e8443314939687c01205687f344319ef2be9e8",
        "is_verified": false,
        "line_number": 325
      },
      {
        "type": "Secret Keyword",
        "filename": "tests/script/_data/taproot_test_vector.json",
        "hashed_secret": "734455acb97663365d3af07d8306d3a5a7c7bdc9",
        "is_verified": false,
        "line_number": 332
      },
      {
        "type": "Secret Keyword",
        "filename": "tests/script/_data/taproot_test_vector.json",
        "hashed_secret": "aad009edbb757b2cab204a5b6fbe7bcb2b99656c",
        "is_verified": false,
        "line_number": 352
      },
      {
        "type": "Secret Keyword",
        "filename": "tests/script/_data/taproot_test_vector.json",
        "hashed_secret": "3105b073429f3127f4e2e3c636ce66c650f28f35",
        "is_verified": false,
        "line_number": 359
      },
      {
        "type": "Secret Keyword",
        "filename": "tests/script/_data/taproot_test_vector.json",
        "hashed_secret": "1b3b20e6b27a899b25c7f861f683ebde49148af8",
        "is_verified": false,
        "line_number": 379
      },
      {
        "type": "Secret Keyword",
        "filename": "tests/script/_data/taproot_test_vector.json",
        "hashed_secret": "38879d7e65fc057fe05c7d8506eb6b040536a1c2",
        "is_verified": false,
        "line_number": 386
      },
      {
        "type": "Secret Keyword",
        "filename": "tests/script/_data/taproot_test_vector.json",
        "hashed_secret": "51c34017fae8787391673e5575a96d429ce0edb4",
        "is_verified": false,
        "line_number": 405
      },
      {
        "type": "Secret Keyword",
        "filename": "tests/script/_data/taproot_test_vector.json",
        "hashed_secret": "d2315db19e9fab4190f320070c34634ddc394d58",
        "is_verified": false,
        "line_number": 412
      },
      {
        "type": "Secret Keyword",
        "filename": "tests/script/_data/taproot_test_vector.json",
        "hashed_secret": "4b89c7392b0f644c804d4fbbebf6901d121b0c1d",
        "is_verified": false,
        "line_number": 426
      },
      {
        "type": "Secret Keyword",
        "filename": "tests/script/_data/taproot_test_vector.json",
        "hashed_secret": "1b8d95d46cfbe459acfdedfb22681a4695f09afe",
        "is_verified": false,
        "line_number": 433
      }
    ]
  },
  "generated_at": "2026-09-24T01:36:11Z"
}
